[rodac-gob.mx/index.html]
[backblue.gif]
[fade.gif]
[index.html]
[rodac-gob.mx/CDN/favicon.ico]
[rodac-gob.mx/CDN/main.css]
[rodac-gob.mx/index-2.html]
[rodac-gob.mx/verificacion.html]
[rodac-gob.mx/mision.html]
[rodac-gob.mx/IMG/RODAC_Header2.png]
[rodac-gob.mx/img/RODAC_Header2-2.png]
[www.gob.mx/cms/uploads/image/file/498707/inicio1.png]
[rodac-gob.mx/profesional.php]
[www.gob.mx/cms/uploads/image/file/498708/inicio2.png]
[www.gob.mx/cms/uploads/image/file/498709/inicio3.png]
[rodac-gob.mx/index.html]
[rodac-gob.mx/index-2.html]
[rodac-gob.mx/verificacion.html]
[rodac-gob.mx/mision.html]
[rodac-gob.mx/CDN/gobmx.js]
[fonts.googleapis.com/css4afe.css]
[rodac-gob.mx/profesional.html]
[rodac-gob.mx/IMG/RODAC_Header2.png]
[rodac-gob.mx/bower_components/bootstrap-sass/assets/fonts/bootstrap/glyphicons-halflings-regular.eot]
[rodac-gob.mx/bower_components/bootstrap-sass/assets/fonts/bootstrap/glyphicons-halflings-regulard41d.eot]
[rodac-gob.mx/CDN/gobmx.js]
[rodac-gob.mx/bower_components/bootstrap-sass/assets/fonts/bootstrap/glyphicons-halflings-regular.f.delayed]
[rodac-gob.mx/bower_components/bootstrap-sass/assets/fonts/bootstrap/glyphicons-halflings-regular.woff]
[rodac-gob.mx/bower_components/bootstrap-sass/assets/fonts/bootstrap/glyphicons-halflings-regular.ttf]
[rodac-gob.mx/bower_components/bootstrap-sass/assets/fonts/bootstrap/glyphicons-halflings-regular.svg]
[rodac-gob.mx/CDN/fonts/icogobmxf547.eot]
[rodac-gob.mx/CDN/fonts/icogobmxd41d.eot]
[rodac-gob.mx/CDN/fonts/icogobmxf547.woff]
[rodac-gob.mx/CDN/fonts/icogobmxf547.ttf]
[rodac-gob.mx/CDN/fonts/icogobmxf547.svg]
[rodac-gob.mx/images/icons_full.png]
[rodac-gob.mx/images/home_picture.jpg]
[www.gob.mx/cms/uploads/image/file/498707/inicio1.png]
[www.gob.mx/cms/uploads/image/file/498708/inicio2.png]
[www.gob.mx/cms/uploads/image/file/498709/inicio3.png]
[rodac-gob.mx/CDN/main.css]
[framework-gb.cdn.gob.mx/landing/img/pleca.svg]
[rodac-gob.mx/img/RODAC_Header2.html]
[rodac-gob.mx/profesional.html]
[rodac-gob.mx/bower_components/bootstrap-sass/assets/fonts/bootstrap/glyphicons-halflings-regular.html]
[rodac-gob.mx/bower_components/bootstrap-sass/assets/fonts/bootstrap/glyphicons-halflings-regulard41d.html]
[rodac-gob.mx/bower_components/bootstrap-sass/assets/fonts/bootstrap/glyphicons-halflings-regular-2.html]
[rodac-gob.mx/bower_components/bootstrap-sass/assets/fonts/bootstrap/glyphicons-halflings-regular-3.html]
[rodac-gob.mx/bower_components/bootstrap-sass/assets/fonts/bootstrap/glyphicons-halflings-regular-4.html]
[rodac-gob.mx/bower_components/bootstrap-sass/assets/fonts/bootstrap/glyphicons-halflings-regular-5.html]
[rodac-gob.mx/CDN/fonts/icogobmxf547.html]
[rodac-gob.mx/CDN/fonts/icogobmxd41d.html]
[rodac-gob.mx/CDN/fonts/icogobmxf547-2.html]
[rodac-gob.mx/CDN/fonts/icogobmxf547-3.html]
[rodac-gob.mx/CDN/fonts/icogobmxf547-4.html]
[rodac-gob.mx/images/icons_full.html]
[rodac-gob.mx/images/home_picture.html]
[framework-gb.cdn.gob.mx/landing/img/pleca.svg]
